------------------------------------------------------------
TimeQuest Timing Analyzer Summary
------------------------------------------------------------

Type  : Slow 1200mV 85C Model Setup 'seg_led:u_seg_led|dri_clk'
Slack : -46.830
TNS   : -902.283

Type  : Slow 1200mV 85C Model Setup 'sys_clk'
Slack : -4.847
TNS   : -173.575

Type  : Slow 1200mV 85C Model Hold 'sys_clk'
Slack : -0.032
TNS   : -0.032

Type  : Slow 1200mV 85C Model Hold 'seg_led:u_seg_led|dri_clk'
Slack : 0.455
TNS   : 0.000

Type  : Slow 1200mV 85C Model Minimum Pulse Width 'sys_clk'
Slack : -3.000
TNS   : -77.350

Type  : Slow 1200mV 85C Model Minimum Pulse Width 'seg_led:u_seg_led|dri_clk'
Slack : -1.487
TNS   : -87.733

Type  : Slow 1200mV 0C Model Setup 'seg_led:u_seg_led|dri_clk'
Slack : -42.956
TNS   : -824.505

Type  : Slow 1200mV 0C Model Setup 'sys_clk'
Slack : -4.472
TNS   : -157.878

Type  : Slow 1200mV 0C Model Hold 'sys_clk'
Slack : -0.010
TNS   : -0.010

Type  : Slow 1200mV 0C Model Hold 'seg_led:u_seg_led|dri_clk'
Slack : 0.405
TNS   : 0.000

Type  : Slow 1200mV 0C Model Minimum Pulse Width 'sys_clk'
Slack : -3.000
TNS   : -77.350

Type  : Slow 1200mV 0C Model Minimum Pulse Width 'seg_led:u_seg_led|dri_clk'
Slack : -1.487
TNS   : -87.733

Type  : Fast 1200mV 0C Model Setup 'seg_led:u_seg_led|dri_clk'
Slack : -19.672
TNS   : -364.111

Type  : Fast 1200mV 0C Model Setup 'sys_clk'
Slack : -1.442
TNS   : -45.751

Type  : Fast 1200mV 0C Model Hold 'sys_clk'
Slack : -0.215
TNS   : -0.215

Type  : Fast 1200mV 0C Model Hold 'seg_led:u_seg_led|dri_clk'
Slack : 0.185
TNS   : 0.000

Type  : Fast 1200mV 0C Model Minimum Pulse Width 'sys_clk'
Slack : -3.000
TNS   : -56.649

Type  : Fast 1200mV 0C Model Minimum Pulse Width 'seg_led:u_seg_led|dri_clk'
Slack : -1.000
TNS   : -59.000

------------------------------------------------------------
